<?xml version="1.0" encoding="utf-8"?>
<TestRun id="659649d4-98df-40d0-ae3b-744a6eeb463e" name="@Seeker-Mac 2025-09-22 13:45:50" xmlns="http://microsoft.com/schemas/VisualStudio/TeamTest/2010">
  <Times creation="2025-09-22T13:45:50.2520450-06:00" queuing="2025-09-22T13:45:50.2520450-06:00" start="2025-09-22T13:45:36.6757810-06:00" finish="2025-09-22T13:46:04.7236810-06:00" />
  <TestSettings name="default" id="d2ac73a0-cd05-472d-9286-aab979c6df4a">
    <Deployment runDeploymentRoot="_Seeker-Mac_2025-09-22_13_45_50" />
  </TestSettings>
  <Results>
    <UnitTestResult executionId="4355e246-eda9-4a3c-8ff2-97ad66a42cb7" testId="c3abd107-5e96-3579-b50c-c5c9526624a6" testName="CodexBootstrap.Tests.Modules.RealAIConceptExtractionTests.ExtractConceptsFromRealNewsArticle_ShouldReturnValidConcepts" computerName="Seeker-Mac" duration="00:00:12.4619908" startTime="2025-09-22T13:45:50.2220340-06:00" endTime="2025-09-22T13:45:50.2220460-06:00" testType="13cdc9d9-ddb5-4fa4-a97d-d965ccfc6d4b" outcome="Passed" testListId="8c84fa94-04c1-424b-9868-57a2d4851a1d" relativeResultsDirectory="4355e246-eda9-4a3c-8ff2-97ad66a42cb7" />
    <UnitTestResult executionId="b56ae35a-5f6b-4edb-85af-35e95a6b206b" testId="c5db2117-0201-03a3-9460-af9c37f77765" testName="CodexBootstrap.Tests.Modules.RealAIConceptExtractionTests.ExtractConceptsFromScientificNews_ShouldIdentifyScienceAndConsciousnessConcepts" computerName="Seeker-Mac" duration="00:00:05.6296464" startTime="2025-09-22T13:45:55.8640650-06:00" endTime="2025-09-22T13:45:55.8640660-06:00" testType="13cdc9d9-ddb5-4fa4-a97d-d965ccfc6d4b" outcome="Failed" testListId="8c84fa94-04c1-424b-9868-57a2d4851a1d" relativeResultsDirectory="b56ae35a-5f6b-4edb-85af-35e95a6b206b">
      <Output>
        <ErrorInfo>
          <Message>Should extract science-related concepts from scientific news
Expected: True
Actual:   False</Message>
          <StackTrace>   at CodexBootstrap.Tests.Modules.RealAIConceptExtractionTests.ExtractConceptsFromScientificNews_ShouldIdentifyScienceAndConsciousnessConcepts() in /Users/ursmuff/source/Living-Codex-CSharp/src/CodexBootstrap.Tests/Modules/RealAIConceptExtractionTests.cs:line 154
--- End of stack trace from previous location ---</StackTrace>
        </ErrorInfo>
      </Output>
    </UnitTestResult>
    <UnitTestResult executionId="1c9aac2e-7713-4854-92bd-ae8aab55294d" testId="5c76b9d5-d314-d6a4-6bde-2bc1a5dcfc87" testName="CodexBootstrap.Tests.Modules.RealAIConceptExtractionTests.ExtractConceptsFromSpiritualNews_ShouldIdentifyTransformationAndUnityConcepts" computerName="Seeker-Mac" duration="00:00:08.8029518" startTime="2025-09-22T13:46:04.6607640-06:00" endTime="2025-09-22T13:46:04.6607640-06:00" testType="13cdc9d9-ddb5-4fa4-a97d-d965ccfc6d4b" outcome="Passed" testListId="8c84fa94-04c1-424b-9868-57a2d4851a1d" relativeResultsDirectory="1c9aac2e-7713-4854-92bd-ae8aab55294d" />
  </Results>
  <TestDefinitions>
    <UnitTest name="CodexBootstrap.Tests.Modules.RealAIConceptExtractionTests.ExtractConceptsFromScientificNews_ShouldIdentifyScienceAndConsciousnessConcepts" storage="/users/ursmuff/source/living-codex-csharp/src/codexbootstrap.tests/bin/debug/net6.0/codexbootstrap.tests.dll" id="c5db2117-0201-03a3-9460-af9c37f77765">
      <Execution id="b56ae35a-5f6b-4edb-85af-35e95a6b206b" />
      <TestMethod codeBase="/Users/ursmuff/source/Living-Codex-CSharp/src/CodexBootstrap.Tests/bin/Debug/net6.0/CodexBootstrap.Tests.dll" adapterTypeName="executor://xunit/VsTestRunner2/netcoreapp" className="CodexBootstrap.Tests.Modules.RealAIConceptExtractionTests" name="ExtractConceptsFromScientificNews_ShouldIdentifyScienceAndConsciousnessConcepts" />
    </UnitTest>
    <UnitTest name="CodexBootstrap.Tests.Modules.RealAIConceptExtractionTests.ExtractConceptsFromRealNewsArticle_ShouldReturnValidConcepts" storage="/users/ursmuff/source/living-codex-csharp/src/codexbootstrap.tests/bin/debug/net6.0/codexbootstrap.tests.dll" id="c3abd107-5e96-3579-b50c-c5c9526624a6">
      <Execution id="4355e246-eda9-4a3c-8ff2-97ad66a42cb7" />
      <TestMethod codeBase="/Users/ursmuff/source/Living-Codex-CSharp/src/CodexBootstrap.Tests/bin/Debug/net6.0/CodexBootstrap.Tests.dll" adapterTypeName="executor://xunit/VsTestRunner2/netcoreapp" className="CodexBootstrap.Tests.Modules.RealAIConceptExtractionTests" name="ExtractConceptsFromRealNewsArticle_ShouldReturnValidConcepts" />
    </UnitTest>
    <UnitTest name="CodexBootstrap.Tests.Modules.RealAIConceptExtractionTests.ExtractConceptsFromSpiritualNews_ShouldIdentifyTransformationAndUnityConcepts" storage="/users/ursmuff/source/living-codex-csharp/src/codexbootstrap.tests/bin/debug/net6.0/codexbootstrap.tests.dll" id="5c76b9d5-d314-d6a4-6bde-2bc1a5dcfc87">
      <Execution id="1c9aac2e-7713-4854-92bd-ae8aab55294d" />
      <TestMethod codeBase="/Users/ursmuff/source/Living-Codex-CSharp/src/CodexBootstrap.Tests/bin/Debug/net6.0/CodexBootstrap.Tests.dll" adapterTypeName="executor://xunit/VsTestRunner2/netcoreapp" className="CodexBootstrap.Tests.Modules.RealAIConceptExtractionTests" name="ExtractConceptsFromSpiritualNews_ShouldIdentifyTransformationAndUnityConcepts" />
    </UnitTest>
  </TestDefinitions>
  <TestEntries>
    <TestEntry testId="c3abd107-5e96-3579-b50c-c5c9526624a6" executionId="4355e246-eda9-4a3c-8ff2-97ad66a42cb7" testListId="8c84fa94-04c1-424b-9868-57a2d4851a1d" />
    <TestEntry testId="c5db2117-0201-03a3-9460-af9c37f77765" executionId="b56ae35a-5f6b-4edb-85af-35e95a6b206b" testListId="8c84fa94-04c1-424b-9868-57a2d4851a1d" />
    <TestEntry testId="5c76b9d5-d314-d6a4-6bde-2bc1a5dcfc87" executionId="1c9aac2e-7713-4854-92bd-ae8aab55294d" testListId="8c84fa94-04c1-424b-9868-57a2d4851a1d" />
  </TestEntries>
  <TestLists>
    <TestList name="Results Not in a List" id="8c84fa94-04c1-424b-9868-57a2d4851a1d" />
    <TestList name="All Loaded Results" id="19431567-8539-422a-85d7-44ee4e166bda" />
  </TestLists>
  <ResultSummary outcome="Failed">
    <Counters total="3" executed="3" passed="2" failed="1" error="0" timeout="0" aborted="0" inconclusive="0" passedButRunAborted="0" notRunnable="0" notExecuted="0" disconnected="0" warning="0" completed="0" inProgress="0" pending="0" />
    <Output>
      <StdOut>[xUnit.net 00:00:00.00] xUnit.net VSTest Adapter v2.4.3+1b45f5407b (64-bit .NET 6.0.6)
[xUnit.net 00:00:00.67]   Discovering: CodexBootstrap.Tests
[xUnit.net 00:00:00.71]   Discovered:  CodexBootstrap.Tests
[xUnit.net 00:00:00.71]   Starting:    CodexBootstrap.Tests
[xUnit.net 00:00:18.85]       Should extract science-related concepts from scientific news
[xUnit.net 00:00:18.85]       Expected: True
[xUnit.net 00:00:18.85]       Actual:   False
[xUnit.net 00:00:18.85]       Stack Trace:
[xUnit.net 00:00:18.85]         /Users/ursmuff/source/Living-Codex-CSharp/src/CodexBootstrap.Tests/Modules/RealAIConceptExtractionTests.cs(154,0): at CodexBootstrap.Tests.Modules.RealAIConceptExtractionTests.ExtractConceptsFromScientificNews_ShouldIdentifyScienceAndConsciousnessConcepts()
[xUnit.net 00:00:18.85]         --- End of stack trace from previous location ---
[xUnit.net 00:00:27.66]   Finished:    CodexBootstrap.Tests
</StdOut>
    </Output>
    <RunInfos>
      <RunInfo computerName="Seeker-Mac" outcome="Error" timestamp="2025-09-22T13:45:55.8626100-06:00">
        <Text>[xUnit.net 00:00:18.85]     CodexBootstrap.Tests.Modules.RealAIConceptExtractionTests.ExtractConceptsFromScientificNews_ShouldIdentifyScienceAndConsciousnessConcepts [FAIL]</Text>
      </RunInfo>
    </RunInfos>
  </ResultSummary>
</TestRun>